ALLOC at : 4 (20 byte(s))
ALLOC at : 28 (20 byte(s))
ALLOC at : 52 (12 byte(s))
ALLOC at : 68 (15 byte(s))
ALLOC at : 87 (20 byte(s))
