ALLOC at : 4 (20 byte(s))
ALLOC at : 28 (20 byte(s))
ALLOC at : 52 (12 byte(s))
ALLOC at : 68 (16 byte(s))
ALLOC at : 88 (20 byte(s))
FREE  at : 28 
Begin of free block list :
Free block at address 24, size 24
Free block at address 108, size 404
FREE  at : 68 
Begin of free block list :
Free block at address 24, size 24
Free block at address 64, size 20
Free block at address 108, size 404
ALLOC at : 28 (20 byte(s))
ALLOC at : 68 (16 byte(s))
