ALLOC at : 4 (20 byte(s))
ALLOC at : 28 (20 byte(s))
ALLOC at : 52 (12 byte(s))
ALLOC at : 68 (16 byte(s))
ALLOC at : 88 (20 byte(s))
